com\pg\stabilitycalculation\logic\TankConstants.class
com\pg\stabilitycalculation\igu\Lander$1.class
com\pg\stabilitycalculation\logic\Excel.class
com\pg\stabilitycalculation\logic\WeightedEntity.class
com\pg\stabilitycalculation\igu\LoadBallastTank$2.class
com\pg\stabilitycalculation\logic\TankData.class
com\pg\stabilitycalculation\igu\LoadDieselTank$1.class
com\pg\stabilitycalculation\igu\LoadLuggagePax$1.class
com\pg\stabilitycalculation\logic\Calculator.class
com\pg\stabilitycalculation\igu\LoadMiscellaneousTank$2.class
com\pg\stabilitycalculation\igu\Lander.class
com\pg\stabilitycalculation\igu\LoadPlace.class
com\pg\stabilitycalculation\igu\LoadFreshWaterTank.class
com\pg\stabilitycalculation\persistency\ControllerPersistency.class
com\pg\stabilitycalculation\igu\LoadBallastTank$1.class
com\pg\stabilitycalculation\igu\LoadFreshWaterTank$2.class
com\pg\stabilitycalculation\logic\ShipData.class
com\pg\stabilitycalculation\igu\LoadDieselTank$2.class
com\pg\stabilitycalculation\igu\Results$1.class
com\pg\stabilitycalculation\logic\CalculationUtils.class
com\pg\stabilitycalculation\igu\LoadBallastTank.class
com\pg\stabilitycalculation\igu\LoadMiscellaneousTank$1.class
com\pg\stabilitycalculation\logic\Controller.class
com\pg\stabilitycalculation\igu\LoadFreshWaterTank$1.class
com\pg\stabilitycalculation\StabilityCalculation.class
com\pg\stabilitycalculation\igu\SwingUtilities.class
com\pg\stabilitycalculation\igu\LoadMiscellaneousTank.class
com\pg\stabilitycalculation\igu\LoadLuggagePax$2.class
com\pg\stabilitycalculation\igu\LoadPlace$1.class
com\pg\stabilitycalculation\igu\LoadDieselTank.class
com\pg\stabilitycalculation\igu\Results.class
com\pg\stabilitycalculation\igu\LoadLuggagePax.class
com\pg\stabilitycalculation\logic\Tank.class
com\pg\stabilitycalculation\logic\CalculatorUtils.class
