C:\Users\pgarc\OneDrive\Documents\NetBeansProjects\StabilityCalculation\src\main\java\com\pg\stabilitycalculation\igu\LoadMiscellaneousTank.java
C:\Users\pgarc\OneDrive\Documents\NetBeansProjects\StabilityCalculation\src\main\java\com\pg\stabilitycalculation\logic\Tanks.java
C:\Users\pgarc\OneDrive\Documents\NetBeansProjects\StabilityCalculation\src\main\java\com\pg\stabilitycalculation\logic\Calculator.java
C:\Users\pgarc\OneDrive\Documents\NetBeansProjects\StabilityCalculation\src\main\java\com\pg\stabilitycalculation\logic\WeightedEntity.java
C:\Users\pgarc\OneDrive\Documents\NetBeansProjects\StabilityCalculation\src\main\java\com\pg\stabilitycalculation\igu\SwingUtilities.java
C:\Users\pgarc\OneDrive\Documents\NetBeansProjects\StabilityCalculation\src\main\java\com\pg\stabilitycalculation\logic\Excel.java
C:\Users\pgarc\OneDrive\Documents\NetBeansProjects\StabilityCalculation\src\main\java\com\pg\stabilitycalculation\logic\CalculationUtils.java
C:\Users\pgarc\OneDrive\Documents\NetBeansProjects\StabilityCalculation\src\main\java\com\pg\stabilitycalculation\logic\CalculatorUtils.java
C:\Users\pgarc\OneDrive\Documents\NetBeansProjects\StabilityCalculation\src\main\java\com\pg\stabilitycalculation\logic\Controller.java
C:\Users\pgarc\OneDrive\Documents\NetBeansProjects\StabilityCalculation\src\main\java\com\pg\stabilitycalculation\logic\TankConstants.java
C:\Users\pgarc\OneDrive\Documents\NetBeansProjects\StabilityCalculation\src\main\java\com\pg\stabilitycalculation\igu\Lander.java
C:\Users\pgarc\OneDrive\Documents\NetBeansProjects\StabilityCalculation\src\main\java\com\pg\stabilitycalculation\igu\LoadDieselTank.java
C:\Users\pgarc\OneDrive\Documents\NetBeansProjects\StabilityCalculation\src\main\java\com\pg\stabilitycalculation\igu\Results.java
C:\Users\pgarc\OneDrive\Documents\NetBeansProjects\StabilityCalculation\src\main\java\com\pg\stabilitycalculation\logic\ShipData.java
C:\Users\pgarc\OneDrive\Documents\NetBeansProjects\StabilityCalculation\src\main\java\com\pg\stabilitycalculation\logic\TankData.java
C:\Users\pgarc\OneDrive\Documents\NetBeansProjects\StabilityCalculation\src\main\java\com\pg\stabilitycalculation\igu\LoadFreshWaterTank.java
C:\Users\pgarc\OneDrive\Documents\NetBeansProjects\StabilityCalculation\src\main\java\com\pg\stabilitycalculation\StabilityCalculation.java
C:\Users\pgarc\OneDrive\Documents\NetBeansProjects\StabilityCalculation\src\main\java\com\pg\stabilitycalculation\logic\Tank.java
C:\Users\pgarc\OneDrive\Documents\NetBeansProjects\StabilityCalculation\src\main\java\com\pg\stabilitycalculation\igu\LoadLuggagePax.java
C:\Users\pgarc\OneDrive\Documents\NetBeansProjects\StabilityCalculation\src\main\java\com\pg\stabilitycalculation\persistency\ControllerPersistency.java
C:\Users\pgarc\OneDrive\Documents\NetBeansProjects\StabilityCalculation\src\main\java\com\pg\stabilitycalculation\igu\LoadBallastTank.java
